[www.photojoiner.net/features/collage-maker.html]
[pagead2.googlesyndication.com/pagead/js/f.txt]
[backblue.gif]
[fade.gif]
[index.html]
[www.photojoiner.net/icon-192x192.png]
[sak.userreport.com/photopix/launcher.js]
[www.photojoiner.net/_next/static/css/4dd3be0fcb2ff964.css]
[www.photojoiner.net/_next/static/chunks/polyfills-5cd94c89d3acac5f.js]
[www.photojoiner.net/_next/static/chunks/webpack-d836a88fc8d25273.js]
[www.photojoiner.net/_next/static/chunks/framework-8dbce5f194cf5c28.js]
[www.photojoiner.net/_next/static/chunks/main-2d3ebeb81723b77c.js]
[www.photojoiner.net/_next/static/chunks/pages/_app-fa6e6312277ba99a.js]
[www.photojoiner.net/_next/static/chunks/226-d4a57880b8a599a7.js]
[www.photojoiner.net/_next/static/chunks/518-81a3e1d7a0c49ed9.js]
[www.photojoiner.net/_next/static/chunks/449-f4aca68dae4ba0c7.js]
[www.photojoiner.net/_next/static/chunks/251-d7e5b98e801c6f82.js]
[www.photojoiner.net/_next/static/chunks/698-143b84569ab3216f.js]
[www.photojoiner.net/_next/static/chunks/937-bbfb52ace21341b5.js]
[www.photojoiner.net/_next/static/chunks/pages/features/collage-maker-83eb180a5242341e.js]
[www.photojoiner.net/_next/static/Fnqn_sXMxuavDju9mWROn/_buildManifest.js]
[www.photojoiner.net/_next/static/Fnqn_sXMxuavDju9mWROn/_ssgManifest.js]
[www.photojoiner.net/_next/static/Fnqn_sXMxuavDju9mWROn/_middlewareManifest.js]
[www.photojoiner.net/static/photojoiner-logo-black-text.png]
[www.photojoiner.net/features/collage-maker.html]
[www.photojoiner.net/_next/static/css/4dd3be0fcb2ff964.css]
[www.photojoiner.net/features/photo-joiner.html]
[www.photojoiner.net/features/photo-joiner.html]
[www.photojoiner.net/_next/static/chunks/pages/features/photo-joiner-da4b443082edb3da.js]
